2026-04-26 16:13:39,844 INFO Loading multivariate telemetry data...
2026-04-26 16:13:43,225 INFO Loaded 1271144 timestamp rows and 5 feature columns.
2026-04-26 16:13:43,225 INFO Cleaning missing values...
2026-04-26 16:13:44,428 INFO Missing values remaining after cleanup: 0
2026-04-26 16:13:44,429 INFO Standardizing features...
2026-04-26 16:13:44,661 INFO Splitting data into training and validation sets...
2026-04-26 16:13:44,734 INFO Training rows: 1016915, Validation rows: 254229
2026-04-26 16:13:44,734 INFO Training Isolation Forest model...
2026-04-26 16:13:52,001 INFO Building autoencoder model...
2026-04-26 16:27:07,943 INFO Loading multivariate telemetry data...
2026-04-26 16:27:11,679 INFO Loaded 1271144 timestamp rows and 5 feature columns.
2026-04-26 16:27:11,680 INFO Cleaning missing values...
2026-04-26 16:27:12,869 INFO Missing values remaining after cleanup: 0
2026-04-26 16:27:12,869 INFO Sampling dataset to 300,000 rows for efficiency...
2026-04-26 16:27:12,989 INFO Sampled dataset shape: (300000, 5)
2026-04-26 16:27:12,990 INFO Standardizing features...
2026-04-26 16:27:13,052 INFO Splitting data into training and validation sets...
2026-04-26 16:27:13,063 INFO Training rows: 240000, Validation rows: 60000
2026-04-26 16:27:13,064 INFO Training Isolation Forest model...
2026-04-26 16:27:15,525 INFO Building autoencoder model...
2026-04-26 16:27:56,880 INFO Autoencoder training completed. Threshold=0.000925
2026-04-26 16:27:56,880 INFO Evaluating false positive rate on validation data...
2026-04-26 16:28:00,387 INFO Isolation Forest estimated false positive rate: 0.0094
2026-04-26 16:28:00,388 INFO Autoencoder estimated false positive rate: 0.0033
2026-04-26 16:28:00,388 INFO Saving models and scaler...
2026-04-26 16:28:40,829 INFO Loading multivariate telemetry data...
2026-04-26 16:28:45,159 INFO Loaded 1271144 timestamp rows and 5 feature columns.
2026-04-26 16:28:45,160 INFO Cleaning missing values...
2026-04-26 16:28:46,473 INFO Missing values remaining after cleanup: 0
2026-04-26 16:28:46,474 INFO Sampling dataset to 300,000 rows for efficiency...
2026-04-26 16:28:46,592 INFO Sampled dataset shape: (300000, 5)
2026-04-26 16:28:46,592 INFO Standardizing features...
2026-04-26 16:28:46,651 INFO Splitting data into training and validation sets...
2026-04-26 16:28:46,663 INFO Training rows: 240000, Validation rows: 60000
2026-04-26 16:28:46,664 INFO Training Isolation Forest model...
2026-04-26 16:28:50,514 INFO Building autoencoder model...
2026-04-26 16:29:24,578 INFO Autoencoder training completed. Threshold=0.000916
2026-04-26 16:29:24,578 INFO Evaluating false positive rate on validation data...
2026-04-26 16:29:30,876 INFO Isolation Forest estimated false positive rate: 0.0094
2026-04-26 16:29:30,877 INFO Autoencoder estimated false positive rate: 0.0131
2026-04-26 16:29:30,878 INFO Saving models and scaler...
2026-04-26 16:29:31,227 INFO Pipeline completed successfully. Metrics saved to C:\Users\vansh\OneDrive\Desktop\Satellite_anomaly_detection-1\logs\metrics.json
2026-04-26 16:32:09,971 INFO Loading multivariate telemetry data...
2026-04-26 16:32:13,641 INFO Loaded 1271144 timestamp rows and 5 feature columns.
2026-04-26 16:32:13,642 INFO Cleaning missing values...
2026-04-26 16:32:15,059 INFO Missing values remaining after cleanup: 0
2026-04-26 16:32:15,061 INFO Sampling dataset to 300,000 rows for efficiency...
2026-04-26 16:32:15,273 INFO Sampled dataset shape: (300000, 5)
2026-04-26 16:32:15,275 INFO Standardizing features...
2026-04-26 16:32:15,342 INFO Splitting data into training and validation sets...
2026-04-26 16:32:15,357 INFO Training rows: 240000, Validation rows: 60000
2026-04-26 16:32:15,357 INFO Training Isolation Forest model...
2026-04-26 16:32:18,179 INFO Building autoencoder model...
2026-04-26 16:33:18,931 INFO Autoencoder training completed. Threshold=0.001460
2026-04-26 16:33:18,931 INFO Evaluating false positive rate on validation data...
2026-04-26 16:33:22,622 INFO Isolation Forest estimated false positive rate: 0.0094
2026-04-26 16:33:22,624 INFO Autoencoder estimated false positive rate: 0.0008
2026-04-26 16:33:22,624 INFO Saving models and scaler...
2026-04-26 16:33:22,812 INFO Pipeline completed successfully. Metrics saved to C:\Users\vansh\OneDrive\Desktop\Satellite_anomaly_detection-1\logs\metrics.json
2026-04-26 16:41:20,730 INFO Loading multivariate telemetry data...
2026-04-26 16:41:24,092 INFO Loaded 1271144 timestamp rows and 5 feature columns.
2026-04-26 16:41:24,094 INFO Cleaning missing values...
2026-04-26 16:41:25,439 INFO Missing values remaining after cleanup: 0
2026-04-26 16:41:25,441 INFO Sampling dataset to 300,000 rows for efficiency...
2026-04-26 16:41:25,579 INFO Sampled dataset shape: (300000, 5)
2026-04-26 16:41:25,580 INFO Standardizing features...
2026-04-26 16:41:25,643 INFO Splitting data into training and validation sets...
2026-04-26 16:41:25,654 INFO Training rows: 240000, Validation rows: 60000
2026-04-26 16:41:25,655 INFO Training Isolation Forest model...
2026-04-26 16:41:28,009 INFO Building autoencoder model...
2026-04-26 16:42:14,957 INFO Autoencoder training completed. Threshold=0.001679
2026-04-26 16:42:14,958 INFO Evaluating false positive rate on validation data...
2026-04-26 16:42:19,630 INFO Isolation Forest estimated false positive rate: 0.0094
2026-04-26 16:42:19,632 INFO Autoencoder estimated false positive rate: 0.0009
2026-04-26 16:42:19,633 INFO Saving models and scaler...
2026-04-26 16:42:20,259 INFO Pipeline completed successfully. Metrics saved to C:\Users\vansh\OneDrive\Desktop\Satellite_anomaly_detection-1\logs\metrics.json
2026-04-26 16:53:39,775 INFO Loading multivariate telemetry data...
2026-04-26 16:53:43,036 INFO Loaded 1271144 timestamp rows and 5 feature columns.
2026-04-26 16:53:43,037 INFO Cleaning missing values...
2026-04-26 16:53:44,206 INFO Missing values remaining after cleanup: 0
2026-04-26 16:53:44,207 INFO Sampling dataset to 300,000 rows for efficiency...
2026-04-26 16:53:44,332 INFO Sampled dataset shape: (300000, 5)
2026-04-26 16:53:44,333 INFO Standardizing features...
2026-04-26 16:53:44,392 INFO Splitting data into training and validation sets...
2026-04-26 16:53:44,412 INFO Training rows: 240000, Validation rows: 60000
2026-04-26 16:53:44,413 INFO Training Isolation Forest model...
2026-04-26 16:53:46,603 INFO Building autoencoder model...
2026-04-26 16:54:17,318 INFO Autoencoder training completed. Threshold=0.001207
2026-04-26 16:54:17,319 INFO Evaluating false positive rate on validation data...
2026-04-26 16:54:20,226 INFO Isolation Forest estimated false positive rate: 0.0094
2026-04-26 16:54:20,227 INFO Autoencoder estimated false positive rate: 0.0047
2026-04-26 16:54:20,227 INFO Saving models and scaler...
2026-04-26 16:54:20,372 INFO Pipeline completed successfully. Metrics saved to C:\Users\vansh\OneDrive\Desktop\Satellite_anomaly_detection-1\logs\metrics.json
